../Core/Src/main.c:70:6:SuruklenmeParasutunuAc	4	static
../Core/Src/main.c:73:6:AnaParasutuAc	4	static
../Core/Src/main.c:89:5:main	152	static
../Core/Src/main.c:172:6:SystemClock_Config	88	static
../Core/Src/main.c:227:13:MX_I2C1_Init	8	static
../Core/Src/main.c:261:13:MX_I2C2_Init	8	static
../Core/Src/main.c:295:13:MX_SPI1_Init	8	static
../Core/Src/main.c:333:13:MX_TIM2_Init	64	static
../Core/Src/main.c:396:13:MX_TIM3_Init	64	static
../Core/Src/main.c:467:13:MX_USART2_UART_Init	8	static
../Core/Src/main.c:500:13:MX_GPIO_Init	48	static
../Core/Src/main.c:569:6:HAL_TIM_PeriodElapsedCallback	16	static
../Core/Src/main.c:586:6:Error_Handler	4	static,ignoring_inline_asm
